// Jest Snapshot v1, https://goo.gl/fbAQLP

exports[`Should correctly render Dashboard page 1`] = `
<div>
  Dashboard page content
</div>
`;
